// Jest Snapshot v1, https://goo.gl/fbAQLP

exports[`should match screenshot 1`] = `
<DocumentFragment>
  <div
    style="width: 100%;"
  >
    <div
      class="MuiGrid-root makeStyles-root-15 MuiGrid-container"
      cols="2"
    >
      <div
        class="MuiGrid-root makeStyles-gridItem-17 MuiGrid-item MuiGrid-grid-md-4"
        cols="1"
      >
        <div
          class="makeStyles-calendarDiv-21"
        >
          <div
            class="react-calendar makeStyles-calendar-20"
          >
            <div
              class="react-calendar__navigation"
              style="display: flex;"
            >
              <button
                aria-label=""
                class="react-calendar__navigation__arrow react-calendar__navigation__prev2-button"
                type="button"
              >
                «
              </button>
              <button
                aria-label=""
                class="react-calendar__navigation__arrow react-calendar__navigation__prev-button"
                type="button"
              >
                ‹
              </button>
              <button
                aria-label=""
                class="react-calendar__navigation__label"
                style="flex-grow: 1;"
                type="button"
              >
                <span
                  class="react-calendar__navigation__label__labelText react-calendar__navigation__label__labelText--from"
                >
                  March 2021
                </span>
              </button>
              <button
                aria-label=""
                class="react-calendar__navigation__arrow react-calendar__navigation__next-button"
                type="button"
              >
                ›
              </button>
              <button
                aria-label=""
                class="react-calendar__navigation__arrow react-calendar__navigation__next2-button"
                type="button"
              >
                »
              </button>
            </div>
            <div
              class="react-calendar__viewContainer"
            >
              <div
                class="react-calendar__month-view "
              >
                <div
                  style="display: flex; align-items: flex-end;"
                >
                  <div
                    style="flex-grow: 1; width: 100%;"
                  >
                    <div
                      class="react-calendar__month-view__weekdays"
                      style="display: flex; flex-wrap: no-wrap;"
                    >
                      <div
                        class="react-calendar__month-view__weekdays__weekday"
                        style="flex-basis: 14.285714285714286%; max-width: 14.285714285714286%; overflow: hidden;"
                      >
                        <abbr
                          aria-label="Sunday"
                          title="Sunday"
                        >
                          Sun
                        </abbr>
                      </div>
                      <div
                        class="react-calendar__month-view__weekdays__weekday"
                        style="flex-basis: 14.285714285714286%; max-width: 14.285714285714286%; overflow: hidden;"
                      >
                        <abbr
                          aria-label="Monday"
                          title="Monday"
                        >
                          Mon
                        </abbr>
                      </div>
                      <div
                        class="react-calendar__month-view__weekdays__weekday"
                        style="flex-basis: 14.285714285714286%; max-width: 14.285714285714286%; overflow: hidden;"
                      >
                        <abbr
                          aria-label="Tuesday"
                          title="Tuesday"
                        >
                          Tue
                        </abbr>
                      </div>
                      <div
                        class="react-calendar__month-view__weekdays__weekday"
                        style="flex-basis: 14.285714285714286%; max-width: 14.285714285714286%; overflow: hidden;"
                      >
                        <abbr
                          aria-label="Wednesday"
                          title="Wednesday"
                        >
                          Wed
                        </abbr>
                      </div>
                      <div
                        class="react-calendar__month-view__weekdays__weekday"
                        style="flex-basis: 14.285714285714286%; max-width: 14.285714285714286%; overflow: hidden;"
                      >
                        <abbr
                          aria-label="Thursday"
                          title="Thursday"
                        >
                          Thu
                        </abbr>
                      </div>
                      <div
                        class="react-calendar__month-view__weekdays__weekday"
                        style="flex-basis: 14.285714285714286%; max-width: 14.285714285714286%; overflow: hidden;"
                      >
                        <abbr
                          aria-label="Friday"
                          title="Friday"
                        >
                          Fri
                        </abbr>
                      </div>
                      <div
                        class="react-calendar__month-view__weekdays__weekday"
                        style="flex-basis: 14.285714285714286%; max-width: 14.285714285714286%; overflow: hidden;"
                      >
                        <abbr
                          aria-label="Saturday"
                          title="Saturday"
                        >
                          Sat
                        </abbr>
                      </div>
                    </div>
                    <div
                      class="react-calendar__month-view__days"
                      style="display: flex; flex-wrap: wrap;"
                    >
                      <button
                        class="react-calendar__tile react-calendar__month-view__days__day react-calendar__month-view__days__day--weekend react-calendar__month-view__days__day--neighboringMonth"
                        style="flex-basis: 14.285714285714286%; max-width: 14.285714285714286%; overflow: hidden;"
                        type="button"
                      >
                        <abbr
                          aria-label="February 28, 2021"
                        >
                          28
                        </abbr>
                      </button>
                      <button
                        class="react-calendar__tile react-calendar__month-view__days__day"
                        style="flex-basis: 14.285714285714286%; max-width: 14.285714285714286%; overflow: hidden;"
                        type="button"
                      >
                        <abbr
                          aria-label="March 1, 2021"
                        >
                          1
                        </abbr>
                      </button>
                      <button
                        class="react-calendar__tile react-calendar__month-view__days__day"
                        style="flex-basis: 14.285714285714286%; max-width: 14.285714285714286%; overflow: hidden;"
                        type="button"
                      >
                        <abbr
                          aria-label="March 2, 2021"
                        >
                          2
                        </abbr>
                      </button>
                      <button
                        class="react-calendar__tile react-calendar__month-view__days__day"
                        style="flex-basis: 14.285714285714286%; max-width: 14.285714285714286%; overflow: hidden;"
                        type="button"
                      >
                        <abbr
                          aria-label="March 3, 2021"
                        >
                          3
                        </abbr>
                      </button>
                      <button
                        class="react-calendar__tile react-calendar__month-view__days__day"
                        style="flex-basis: 14.285714285714286%; max-width: 14.285714285714286%; overflow: hidden;"
                        type="button"
                      >
                        <abbr
                          aria-label="March 4, 2021"
                        >
                          4
                        </abbr>
                      </button>
                      <button
                        class="react-calendar__tile react-calendar__month-view__days__day"
                        style="flex-basis: 14.285714285714286%; max-width: 14.285714285714286%; overflow: hidden;"
                        type="button"
                      >
                        <abbr
                          aria-label="March 5, 2021"
                        >
                          5
                        </abbr>
                      </button>
                      <button
                        class="react-calendar__tile react-calendar__month-view__days__day react-calendar__month-view__days__day--weekend"
                        style="flex-basis: 14.285714285714286%; max-width: 14.285714285714286%; overflow: hidden;"
                        type="button"
                      >
                        <abbr
                          aria-label="March 6, 2021"
                        >
                          6
                        </abbr>
                      </button>
                      <button
                        class="react-calendar__tile react-calendar__month-view__days__day react-calendar__month-view__days__day--weekend"
                        style="flex-basis: 14.285714285714286%; max-width: 14.285714285714286%; overflow: hidden;"
                        type="button"
                      >
                        <abbr
                          aria-label="March 7, 2021"
                        >
                          7
                        </abbr>
                      </button>
                      <button
                        class="react-calendar__tile react-calendar__month-view__days__day"
                        style="flex-basis: 14.285714285714286%; max-width: 14.285714285714286%; overflow: hidden;"
                        type="button"
                      >
                        <abbr
                          aria-label="March 8, 2021"
                        >
                          8
                        </abbr>
                      </button>
                      <button
                        class="react-calendar__tile react-calendar__month-view__days__day"
                        style="flex-basis: 14.285714285714286%; max-width: 14.285714285714286%; overflow: hidden;"
                        type="button"
                      >
                        <abbr
                          aria-label="March 9, 2021"
                        >
                          9
                        </abbr>
                      </button>
                      <button
                        class="react-calendar__tile react-calendar__month-view__days__day"
                        style="flex-basis: 14.285714285714286%; max-width: 14.285714285714286%; overflow: hidden;"
                        type="button"
                      >
                        <abbr
                          aria-label="March 10, 2021"
                        >
                          10
                        </abbr>
                      </button>
                      <button
                        class="react-calendar__tile react-calendar__month-view__days__day"
                        style="flex-basis: 14.285714285714286%; max-width: 14.285714285714286%; overflow: hidden;"
                        type="button"
                      >
                        <abbr
                          aria-label="March 11, 2021"
                        >
                          11
                        </abbr>
                      </button>
                      <button
                        class="react-calendar__tile react-calendar__month-view__days__day"
                        style="flex-basis: 14.285714285714286%; max-width: 14.285714285714286%; overflow: hidden;"
                        type="button"
                      >
                        <abbr
                          aria-label="March 12, 2021"
                        >
                          12
                        </abbr>
                      </button>
                      <button
                        class="react-calendar__tile react-calendar__month-view__days__day react-calendar__month-view__days__day--weekend"
                        style="flex-basis: 14.285714285714286%; max-width: 14.285714285714286%; overflow: hidden;"
                        type="button"
                      >
                        <abbr
                          aria-label="March 13, 2021"
                        >
                          13
                        </abbr>
                      </button>
                      <button
                        class="react-calendar__tile react-calendar__month-view__days__day react-calendar__month-view__days__day--weekend"
                        style="flex-basis: 14.285714285714286%; max-width: 14.285714285714286%; overflow: hidden;"
                        type="button"
                      >
                        <abbr
                          aria-label="March 14, 2021"
                        >
                          14
                        </abbr>
                      </button>
                      <button
                        class="react-calendar__tile react-calendar__month-view__days__day"
                        style="flex-basis: 14.285714285714286%; max-width: 14.285714285714286%; overflow: hidden;"
                        type="button"
                      >
                        <abbr
                          aria-label="March 15, 2021"
                        >
                          15
                        </abbr>
                      </button>
                      <button
                        class="react-calendar__tile react-calendar__month-view__days__day"
                        style="flex-basis: 14.285714285714286%; max-width: 14.285714285714286%; overflow: hidden;"
                        type="button"
                      >
                        <abbr
                          aria-label="March 16, 2021"
                        >
                          16
                        </abbr>
                      </button>
                      <button
                        class="react-calendar__tile react-calendar__month-view__days__day"
                        style="flex-basis: 14.285714285714286%; max-width: 14.285714285714286%; overflow: hidden;"
                        type="button"
                      >
                        <abbr
                          aria-label="March 17, 2021"
                        >
                          17
                        </abbr>
                      </button>
                      <button
                        class="react-calendar__tile react-calendar__month-view__days__day"
                        style="flex-basis: 14.285714285714286%; max-width: 14.285714285714286%; overflow: hidden;"
                        type="button"
                      >
                        <abbr
                          aria-label="March 18, 2021"
                        >
                          18
                        </abbr>
                      </button>
                      <button
                        class="react-calendar__tile react-calendar__month-view__days__day"
                        style="flex-basis: 14.285714285714286%; max-width: 14.285714285714286%; overflow: hidden;"
                        type="button"
                      >
                        <abbr
                          aria-label="March 19, 2021"
                        >
                          19
                        </abbr>
                      </button>
                      <button
                        class="react-calendar__tile react-calendar__month-view__days__day react-calendar__month-view__days__day--weekend"
                        style="flex-basis: 14.285714285714286%; max-width: 14.285714285714286%; overflow: hidden;"
                        type="button"
                      >
                        <abbr
                          aria-label="March 20, 2021"
                        >
                          20
                        </abbr>
                      </button>
                      <button
                        class="react-calendar__tile react-calendar__month-view__days__day react-calendar__month-view__days__day--weekend"
                        style="flex-basis: 14.285714285714286%; max-width: 14.285714285714286%; overflow: hidden;"
                        type="button"
                      >
                        <abbr
                          aria-label="March 21, 2021"
                        >
                          21
                        </abbr>
                      </button>
                      <button
                        class="react-calendar__tile react-calendar__month-view__days__day"
                        style="flex-basis: 14.285714285714286%; max-width: 14.285714285714286%; overflow: hidden;"
                        type="button"
                      >
                        <abbr
                          aria-label="March 22, 2021"
                        >
                          22
                        </abbr>
                      </button>
                      <button
                        class="react-calendar__tile react-calendar__month-view__days__day"
                        style="flex-basis: 14.285714285714286%; max-width: 14.285714285714286%; overflow: hidden;"
                        type="button"
                      >
                        <abbr
                          aria-label="March 23, 2021"
                        >
                          23
                        </abbr>
                      </button>
                      <button
                        class="react-calendar__tile react-calendar__month-view__days__day"
                        style="flex-basis: 14.285714285714286%; max-width: 14.285714285714286%; overflow: hidden;"
                        type="button"
                      >
                        <abbr
                          aria-label="March 24, 2021"
                        >
                          24
                        </abbr>
                      </button>
                      <button
                        class="react-calendar__tile react-calendar__month-view__days__day"
                        style="flex-basis: 14.285714285714286%; max-width: 14.285714285714286%; overflow: hidden;"
                        type="button"
                      >
                        <abbr
                          aria-label="March 25, 2021"
                        >
                          25
                        </abbr>
                      </button>
                      <button
                        class="react-calendar__tile react-calendar__month-view__days__day"
                        style="flex-basis: 14.285714285714286%; max-width: 14.285714285714286%; overflow: hidden;"
                        type="button"
                      >
                        <abbr
                          aria-label="March 26, 2021"
                        >
                          26
                        </abbr>
                      </button>
                      <button
                        class="react-calendar__tile react-calendar__tile--now react-calendar__tile--active react-calendar__tile--range react-calendar__tile--rangeStart react-calendar__tile--rangeEnd react-calendar__tile--rangeBothEnds react-calendar__month-view__days__day react-calendar__month-view__days__day--weekend"
                        style="flex-basis: 14.285714285714286%; max-width: 14.285714285714286%; overflow: hidden;"
                        type="button"
                      >
                        <abbr
                          aria-label="March 27, 2021"
                        >
                          27
                        </abbr>
                      </button>
                      <button
                        class="react-calendar__tile react-calendar__month-view__days__day react-calendar__month-view__days__day--weekend"
                        style="flex-basis: 14.285714285714286%; max-width: 14.285714285714286%; overflow: hidden;"
                        type="button"
                      >
                        <abbr
                          aria-label="March 28, 2021"
                        >
                          28
                        </abbr>
                      </button>
                      <button
                        class="react-calendar__tile react-calendar__month-view__days__day"
                        style="flex-basis: 14.285714285714286%; max-width: 14.285714285714286%; overflow: hidden;"
                        type="button"
                      >
                        <abbr
                          aria-label="March 29, 2021"
                        >
                          29
                        </abbr>
                      </button>
                      <button
                        class="react-calendar__tile react-calendar__month-view__days__day"
                        style="flex-basis: 14.285714285714286%; max-width: 14.285714285714286%; overflow: hidden;"
                        type="button"
                      >
                        <abbr
                          aria-label="March 30, 2021"
                        >
                          30
                        </abbr>
                      </button>
                      <button
                        class="react-calendar__tile react-calendar__month-view__days__day"
                        style="flex-basis: 14.285714285714286%; max-width: 14.285714285714286%; overflow: hidden;"
                        type="button"
                      >
                        <abbr
                          aria-label="March 31, 2021"
                        >
                          31
                        </abbr>
                      </button>
                      <button
                        class="react-calendar__tile react-calendar__month-view__days__day react-calendar__month-view__days__day--neighboringMonth"
                        style="flex-basis: 14.285714285714286%; max-width: 14.285714285714286%; overflow: hidden;"
                        type="button"
                      >
                        <abbr
                          aria-label="April 1, 2021"
                        >
                          1
                        </abbr>
                      </button>
                      <button
                        class="react-calendar__tile react-calendar__month-view__days__day react-calendar__month-view__days__day--neighboringMonth"
                        style="flex-basis: 14.285714285714286%; max-width: 14.285714285714286%; overflow: hidden;"
                        type="button"
                      >
                        <abbr
                          aria-label="April 2, 2021"
                        >
                          2
                        </abbr>
                      </button>
                      <button
                        class="react-calendar__tile react-calendar__month-view__days__day react-calendar__month-view__days__day--weekend react-calendar__month-view__days__day--neighboringMonth"
                        style="flex-basis: 14.285714285714286%; max-width: 14.285714285714286%; overflow: hidden;"
                        type="button"
                      >
                        <abbr
                          aria-label="April 3, 2021"
                        >
                          3
                        </abbr>
                      </button>
                    </div>
                  </div>
                </div>
              </div>
            </div>
          </div>
        </div>
        <div
          class="makeStyles-doughnutDiv-24"
        >
          <h6
            class="MuiTypography-root MuiTypography-h6"
          >
            Daily Macros
          </h6>
          <p
            class="MuiTypography-root MuiTypography-body1 MuiTypography-colorError"
          >
            No data for the selected date
          </p>
        </div>
      </div>
      <div
        class="MuiGrid-root makeStyles-gridItem-17 MuiGrid-item MuiGrid-grid-md-8"
        cols="1"
      >
        <div
          class="makeStyles-barChartDiv-27"
        >
          <div
            class="MuiCircularProgress-root MuiCircularProgress-colorPrimary MuiCircularProgress-indeterminate"
            role="progressbar"
            style="width: 40px; height: 40px;"
          >
            <svg
              class="MuiCircularProgress-svg"
              viewBox="22 22 44 44"
            >
              <circle
                class="MuiCircularProgress-circle MuiCircularProgress-circleIndeterminate"
                cx="44"
                cy="44"
                fill="none"
                r="20.2"
                stroke-width="3.6"
              />
            </svg>
          </div>
        </div>
      </div>
    </div>
  </div>
</DocumentFragment>
`;
