// Jest Snapshot v1, https://goo.gl/fbAQLP

exports[`should match screenshot 1`] = `
<DocumentFragment>
  <span
    class="MuiBadge-root makeStyles-badge-6"
  >
    <li
      class="MuiGridListTile-root makeStyles-gridTile-5"
    >
      <div
        class="MuiGridListTile-tile"
      >
        <a
          href="/recipes/undefined"
          style="overflow: hidden;"
        >
          <img
            alt="This is a title"
            class="makeStyles-img-8"
            src="https://miro.medium.com/max/1200/1*mk1-6aYaf_Bes1E3Imhc0A.jpeg"
          />
          <div
            class="MuiGridListTileBar-root MuiGridListTileBar-titlePositionBottom"
          >
            <div
              class="MuiGridListTileBar-titleWrap"
            >
              <div
                class="MuiGridListTileBar-title"
              >
                This is a title
              </div>
            </div>
          </div>
        </a>
      </div>
    </li>
    <span
      class="MuiBadge-badge MuiBadge-anchorOriginTopRightRectangle"
    >
      <svg
        aria-hidden="true"
        class="MuiSvgIcon-root makeStyles-icon-7"
        focusable="false"
        viewBox="0 0 24 24"
      >
        <path
          d="M19 6.41L17.59 5 12 10.59 6.41 5 5 6.41 10.59 12 5 17.59 6.41 19 12 13.41 17.59 19 19 17.59 13.41 12z"
        />
      </svg>
    </span>
  </span>
</DocumentFragment>
`;
