// Jest Snapshot v1, https://goo.gl/fbAQLP

exports[`should match screenshot 1`] = `
<DocumentFragment>
  <div
    class="makeStyles-root-2"
  >
    <h5
      class="MuiTypography-root MuiTypography-h5"
    >
      Macronutrients
    </h5>
    <div
      class="MuiTableContainer-root"
    >
      <table
        class="MuiTable-root"
      >
        <tbody
          class="MuiTableBody-root"
        >
          <tr
            class="MuiTableRow-root"
          >
            <td
              class="MuiTableCell-root MuiTableCell-body"
            >
              <b>
                Fat
              </b>
            </td>
            <td
              class="MuiTableCell-root MuiTableCell-body"
            >
              <b>
                10
              </b>
            </td>
          </tr>
          <tr
            class="MuiTableRow-root"
          >
            <td
              class="MuiTableCell-root MuiTableCell-body"
            >
              Saturated Fat
            </td>
            <td
              class="MuiTableCell-root MuiTableCell-body"
            >
              5
            </td>
          </tr>
        </tbody>
      </table>
    </div>
  </div>
</DocumentFragment>
`;
