// Jest Snapshot v1, https://goo.gl/fbAQLP

exports[`should match screenshot 1`] = `
<DocumentFragment>
  <div
    class="makeStyles-root-9"
  />
</DocumentFragment>
`;
