// Jest Snapshot v1, https://goo.gl/fbAQLP

exports[`should match screenshot 1`] = `
<DocumentFragment>
  <div
    class="MuiGrid-root makeStyles-root-25 MuiGrid-container MuiGrid-spacing-xs-1"
    cols="2"
    id="kitchenContainer"
  >
    <div
      class="MuiGrid-root makeStyles-leftGridItem-29 MuiGrid-item MuiGrid-grid-sm-8"
      cols="1"
    >
      <form
        class="makeStyles-form-36"
      >
        <div
          class="makeStyles-main-31"
        >
          <h4
            class="MuiTypography-root makeStyles-heading-33 MuiTypography-h4"
          >
            What's in your kitchen?
          </h4>
          <span
            class="MuiTypography-root MuiTypography-caption"
            style="margin-bottom: 20px;"
          >
            (Typical pantry items, such as water, salt, flour, etc. are ignored)
          </span>
          <div
            class="MuiFormGroup-root MuiFormGroup-row"
          >
            <div
              class="MuiFormControl-root MuiTextField-root"
            >
              <div
                class="MuiInputBase-root MuiOutlinedInput-root makeStyles-textField-34 MuiInputBase-formControl MuiInputBase-marginDense MuiOutlinedInput-marginDense"
              >
                <input
                  aria-invalid="false"
                  class="MuiInputBase-input MuiOutlinedInput-input MuiInputBase-inputMarginDense MuiOutlinedInput-inputMarginDense"
                  type="text"
                  value=""
                />
                <fieldset
                  aria-hidden="true"
                  class="PrivateNotchedOutline-root-37 MuiOutlinedInput-notchedOutline"
                  style="padding-left: 8px;"
                >
                  <legend
                    class="PrivateNotchedOutline-legend-38"
                    style="width: 0.01px;"
                  >
                    <span>
                      â€‹
                    </span>
                  </legend>
                </fieldset>
              </div>
            </div>
            <button
              class="MuiButtonBase-root MuiButton-root MuiButton-text makeStyles-addItemBtn-35"
              tabindex="0"
              type="button"
            >
              <span
                class="MuiButton-label"
              >
                Add Item
              </span>
              <span
                class="MuiTouchRipple-root"
              />
            </button>
          </div>
        </div>
      </form>
    </div>
    <div
      class="MuiGrid-root makeStyles-rightGridItem-43 MuiGrid-item MuiGrid-grid-sm-4"
      cols="1"
    >
      <div
        class="makeStyles-ingredients-45"
      >
        <h6
          class="MuiTypography-root makeStyles-heading-42 MuiTypography-h6"
        >
          Selected Ingredients
        </h6>
        <hr
          class="MuiDivider-root"
          style="width: 100%;"
        />
        <div
          class="makeStyles-ingredientListContainer-47"
        >
          <div
            class="makeStyles-ingredientList-48"
          />
        </div>
        <button
          class="MuiButtonBase-root MuiButton-root MuiButton-text makeStyles-submitBtn-41"
          tabindex="0"
          type="submit"
        >
          <span
            class="MuiButton-label"
          >
            Submit
          </span>
          <span
            class="MuiTouchRipple-root"
          />
        </button>
      </div>
    </div>
  </div>
</DocumentFragment>
`;
