// Jest Snapshot v1, https://goo.gl/fbAQLP

exports[`should match screenshot 1`] = `
<DocumentFragment>
  <div
    class="makeStyles-root-13"
  >
    <header
      class="MuiPaper-root MuiAppBar-root MuiAppBar-positionFixed MuiAppBar-colorPrimary makeStyles-appBar-14 mui-fixed MuiPaper-elevation4"
    >
      <div
        class="MuiToolbar-root makeStyles-root-13 MuiToolbar-regular MuiToolbar-gutters"
      >
        <a
          class="makeStyles-navLink-18 makeStyles-title-16"
          href="/"
        >
          <img
            alt="logo.png"
            class="makeStyles-logo-17"
            src="logo.png"
          />
        </a>
        <form
          class="makeStyles-search-20"
        >
          <div
            class="makeStyles-searchIcon-22"
          >
            <svg
              aria-hidden="true"
              class="MuiSvgIcon-root"
              focusable="false"
              viewBox="0 0 24 24"
            >
              <path
                d="M15.5 14h-.79l-.28-.27C15.41 12.59 16 11.11 16 9.5 16 5.91 13.09 3 9.5 3S3 5.91 3 9.5 5.91 16 9.5 16c1.61 0 3.09-.59 4.23-1.57l.27.28v.79l5 4.99L20.49 19l-4.99-5zm-6 0C7.01 14 5 11.99 5 9.5S7.01 5 9.5 5 14 7.01 14 9.5 11.99 14 9.5 14z"
              />
            </svg>
          </div>
          <div
            class="MuiInputBase-root makeStyles-inputRoot-23"
          >
            <input
              aria-label="search"
              class="MuiInputBase-input makeStyles-input-24"
              placeholder="Searchâ€¦"
              type="text"
              value=""
            />
          </div>
        </form>
        <div
          style="float: right;"
        >
          <a
            class="makeStyles-navLink-18"
            href="/login"
          >
            <button
              class="MuiButtonBase-root MuiButton-root MuiButton-text MuiButton-colorInherit"
              tabindex="0"
              type="button"
            >
              <span
                class="MuiButton-label"
              >
                Login
              </span>
              <span
                class="MuiTouchRipple-root"
              />
            </button>
          </a>
          <a
            class="makeStyles-navLink-18"
            href="/signup"
          >
            <button
              class="MuiButtonBase-root MuiButton-root MuiButton-text makeStyles-signupBtn-19 MuiButton-colorInherit"
              tabindex="0"
              type="button"
            >
              <span
                class="MuiButton-label"
              >
                Sign up
              </span>
              <span
                class="MuiTouchRipple-root"
              />
            </button>
          </a>
        </div>
      </div>
    </header>
  </div>
</DocumentFragment>
`;
